../Core/Src/main.c:87:5:main	32	static
../Core/Src/main.c:171:6:SystemClock_Config	120	static
../Core/Src/main.c:237:13:MX_USART1_UART_Init	8	static
../Core/Src/main.c:270:13:MX_GPIO_Init	40	static
../Core/Src/main.c:316:6:tftp_update	24	static,ignoring_inline_asm
../Core/Src/main.c:349:12:UART_Write_Loop	32	static
../Core/Src/main.c:386:26:write_data_to_flash_app	64	static
../Core/Src/main.c:431:13:Firmware_Update	1152	static
../Core/Src/main.c:500:13:goto_application	24	static,ignoring_inline_asm
../Core/Src/main.c:529:6:Error_Handler	4	static,ignoring_inline_asm
