../Core/Src/main.c:72:6:Flash_Erase	40	static
../Core/Src/main.c:89:6:Flash_Write_Block	40	static
../Core/Src/main.c:110:5:main	8	static
../Core/Src/main.c:164:6:SystemClock_Config	88	static
../Core/Src/main.c:221:13:MX_CAN1_Init	48	static
../Core/Src/main.c:270:13:MX_GPIO_Init	40	static
../Core/Src/main.c:302:6:jump_to_application	16	static,ignoring_inline_asm
../Core/Src/main.c:315:6:HAL_CAN_RxFifo0MsgPendingCallback	24	static
../Core/Src/main.c:333:6:Error_Handler	4	static,ignoring_inline_asm
