../Core/Src/main.c:76:6:HAL_UART_RxCpltCallback	1048	static
../Core/Src/main.c:100:5:main	8	static
../Core/Src/main.c:152:6:SystemClock_Config	88	static
../Core/Src/main.c:209:13:MX_USART1_UART_Init	8	static
../Core/Src/main.c:242:13:MX_USART2_UART_Init	8	static
../Core/Src/main.c:275:13:MX_GPIO_Init	40	static
../Core/Src/main.c:325:26:write_data_to_flash_app	56	static
../Core/Src/main.c:364:13:goto_application	16	static,ignoring_inline_asm
../Core/Src/main.c:386:6:Error_Handler	4	static,ignoring_inline_asm
