../Drivers/CMSIS/Include/core_cm3.h:1876:26:ITM_SendChar	16	static,ignoring_inline_asm
../Core/Src/main.c:91:5:_write	32	static
../Core/Src/main.c:108:5:main	48	static
../Core/Src/main.c:183:6:SystemClock_Config	88	static
../Core/Src/main.c:240:13:MX_USART1_UART_Init	8	static
../Core/Src/main.c:273:13:MX_GPIO_Init	40	static
../Core/Src/main.c:306:6:MqttClientSubTask	16	static
../Core/Src/main.c:340:6:MqttClientPubTask	40	static
../Core/Src/main.c:358:5:MqttConnectBroker	120	static
../Core/Src/main.c:399:6:MqttMessageArrived	24	static
../Core/Src/main.c:418:6:StartDefaultTask	80	static
../Core/Src/main.c:445:6:HAL_TIM_PeriodElapsedCallback	16	static
../Core/Src/main.c:462:6:Error_Handler	4	static,ignoring_inline_asm
